---
source: tests/cli_test.rs
expression: stdout
---
Usage: distronomicon [OPTIONS] <COMMAND>

Commands:
  check    Check for updates without installing
  update   Update to the latest release
  version  Show currently installed version
  help     Print this message or the help of the given subcommand(s)

Options:
  -v, --verbose...  
  -h, --help        Print help
