---
source: tests/cli_check.rs
expression: stdout
---
install-available: v1.0.0
