---
source: tests/cli_help.rs
expression: stdout
---
Check for updates without installing

Usage: distronomicon --app <APP> check

Options:
  -h, --help  Print help
